AR multiplier32 arch_multiplier32 C:/Users/Poornima/Documents/GitHub/cg3207/multiplier.vhd sub00/vhpl07 1381071278
EN multiplier32 NULL C:/Users/Poornima/Documents/GitHub/cg3207/multiplier.vhd sub00/vhpl06 1381071277
AR adder32 arch_adder32 C:/Users/Poornima/Documents/GitHub/cg3207/adder32.vhd sub00/vhpl01 1381071276
EN lab2 NULL C:/Users/Poornima/Documents/GitHub/cg3207/LAB2.vhd sub00/vhpl04 1381070966
AR alu arch_alu C:/Users/Poornima/Documents/GitHub/cg3207/alu.vhd sub00/vhpl03 1381071280
EN adder32 NULL C:/Users/Poornima/Documents/GitHub/cg3207/adder32.vhd sub00/vhpl00 1381071275
AR lab2 structural C:/Users/Poornima/Documents/GitHub/cg3207/LAB2.vhd sub00/vhpl05 1381070967
EN alu NULL C:/Users/Poornima/Documents/GitHub/cg3207/alu.vhd sub00/vhpl02 1381071279
