AR multiplier32 arch_multiplier32 C:/Users/Poornima/Documents/GitHub/cg3207/multiplier.vhd sub00/vhpl07 1381078421
AR divider32 arch_divider32 C:/Users/Poornima/Documents/GitHub/cg3207/divider.vhd sub00/vhpl09 1381078423
EN multiplier32 NULL C:/Users/Poornima/Documents/GitHub/cg3207/multiplier.vhd sub00/vhpl06 1381078420
AR adder32 arch_adder32 C:/Users/Poornima/Documents/GitHub/cg3207/adder32.vhd sub00/vhpl01 1381078419
EN or32 NULL C:/Users/Poornima/Documents/GitHub/cg3207/or32.vhd sub00/vhpl14 1381078412
AR xor32 arch_xor32 C:/Users/Poornima/Documents/GitHub/cg3207/xor32.vhd sub00/vhpl17 1381078415
EN lab2 NULL C:/Users/Poornima/Documents/GitHub/cg3207/LAB2.vhd sub00/vhpl04 1381078426
AR alu arch_alu C:/Users/Poornima/Documents/GitHub/cg3207/alu.vhd sub00/vhpl03 1381078425
AR nor32 arch_nor32 C:/Users/Poornima/Documents/GitHub/cg3207/nor32.vhd sub00/vhpl19 1381078417
AR and32 arch_and32 C:/Users/Poornima/Documents/GitHub/cg3207/and32.vhd sub00/vhpl13 1381078411
EN divider32 NULL C:/Users/Poornima/Documents/GitHub/cg3207/divider.vhd sub00/vhpl08 1381078422
EN nor32 NULL C:/Users/Poornima/Documents/GitHub/cg3207/nor32.vhd sub00/vhpl18 1381078416
EN and_32 NULL C:/Users/Poornima/Documents/GitHub/cg3207/and_32.vhd sub00/vhpl10 1381078062
AR and_32 arch_and_32 C:/Users/Poornima/Documents/GitHub/cg3207/and_32.vhd sub00/vhpl11 1381078063
EN adder32 NULL C:/Users/Poornima/Documents/GitHub/cg3207/adder32.vhd sub00/vhpl00 1381078418
EN xor32 NULL C:/Users/Poornima/Documents/GitHub/cg3207/xor32.vhd sub00/vhpl16 1381078414
AR lab2 structural C:/Users/Poornima/Documents/GitHub/cg3207/LAB2.vhd sub00/vhpl05 1381078427
EN and32 NULL C:/Users/Poornima/Documents/GitHub/cg3207/and32.vhd sub00/vhpl12 1381078410
AR or32 arch_or32 C:/Users/Poornima/Documents/GitHub/cg3207/or32.vhd sub00/vhpl15 1381078413
EN alu NULL C:/Users/Poornima/Documents/GitHub/cg3207/alu.vhd sub00/vhpl02 1381078424
