V3 45
FL C:/Users/Poornima/Desktop/CG3207/Lab-2/LAB2/adder32.vhd 2013/10/06.20:38:39 O.61xd
FL C:/Users/Poornima/Desktop/CG3207/Lab-2/LAB2/alu.vhd 2013/10/06.21:10:41 O.61xd
FL C:/Users/Poornima/Desktop/CG3207/Lab-2/LAB2/LAB2.vhd 2013/09/18.05:30:56 O.61xd
FL C:/Users/Poornima/Documents/GitHub/cg3207/adder32.vhd 2013/10/06.22:20:04 O.61xd
EN work/adder32 1381078418 \
      FL C:/Users/Poornima/Documents/GitHub/cg3207/adder32.vhd \
      PB ieee/std_logic_1164 1308643377 PB ieee/std_logic_arith 1308643378 \
      PB ieee/STD_LOGIC_UNSIGNED 1308643379
AR work/adder32/arch_adder32 1381078419 \
      FL C:/Users/Poornima/Documents/GitHub/cg3207/adder32.vhd EN work/adder32 1381078418
FL C:/Users/Poornima/Documents/GitHub/cg3207/alu.vhd 2013/10/07.00:53:19 O.61xd
EN work/alu 1381078424 FL C:/Users/Poornima/Documents/GitHub/cg3207/alu.vhd \
      PB ieee/std_logic_1164 1308643377 PB ieee/std_logic_arith 1308643378 \
      PB ieee/STD_LOGIC_UNSIGNED 1308643379
AR work/alu/arch_alu 1381078425 \
      FL C:/Users/Poornima/Documents/GitHub/cg3207/alu.vhd EN work/alu 1381078424 \
      CP and32 CP or32 CP xor32 CP nor32 CP adder32 CP multiplier32 CP divider32
FL C:/Users/Poornima/Documents/GitHub/cg3207/and32.vhd 2013/10/07.00:49:14 O.61xd
EN work/and32 1381078410 FL C:/Users/Poornima/Documents/GitHub/cg3207/and32.vhd \
      PB ieee/std_logic_1164 1308643377 PB ieee/std_logic_arith 1308643378 \
      PB ieee/STD_LOGIC_UNSIGNED 1308643379
AR work/and32/arch_and32 1381078411 \
      FL C:/Users/Poornima/Documents/GitHub/cg3207/and32.vhd EN work/and32 1381078410
FL C:/Users/Poornima/Documents/GitHub/cg3207/and_32.vhd 2013/10/07.00:47:39 O.61xd
EN work/and_32 1381078062 FL C:/Users/Poornima/Documents/GitHub/cg3207/and_32.vhd \
      PB ieee/std_logic_1164 1308643377 PB ieee/std_logic_arith 1308643378 \
      PB ieee/STD_LOGIC_UNSIGNED 1308643379
AR work/and_32/arch_and_32 1381078063 \
      FL C:/Users/Poornima/Documents/GitHub/cg3207/and_32.vhd EN work/and_32 1381078062
FL C:/Users/Poornima/Documents/GitHub/cg3207/divider.vhd 2013/10/07.00:52:24 O.61xd
EN work/divider32 1381078422 \
      FL C:/Users/Poornima/Documents/GitHub/cg3207/divider.vhd \
      PB ieee/std_logic_1164 1308643377 PB ieee/std_logic_arith 1308643378 \
      PB ieee/STD_LOGIC_UNSIGNED 1308643379 PB ieee/NUMERIC_STD 1308643378
AR work/divider32/arch_divider32 1381078423 \
      FL C:/Users/Poornima/Documents/GitHub/cg3207/divider.vhd EN work/divider32 1381078422
FL C:/Users/Poornima/Documents/GitHub/cg3207/LAB2.vhd 2013/09/18.05:30:56 O.61xd
EN work/LAB2 1381078426 FL C:/Users/Poornima/Documents/GitHub/cg3207/LAB2.vhd \
      PB ieee/std_logic_1164 1308643377 PB ieee/std_logic_arith 1308643378 \
      PB ieee/STD_LOGIC_UNSIGNED 1308643379
AR work/LAB2/Structural 1381078427 \
      FL C:/Users/Poornima/Documents/GitHub/cg3207/LAB2.vhd EN work/LAB2 1381078426 \
      CP mcs CP alu
FL C:/Users/Poornima/Documents/GitHub/cg3207/multiplier.vhd 2013/10/06.22:40:07 O.61xd
EN work/multiplier32 1381078420 \
      FL C:/Users/Poornima/Documents/GitHub/cg3207/multiplier.vhd \
      PB ieee/std_logic_1164 1308643377 PB ieee/STD_LOGIC_UNSIGNED 1308643379
AR work/multiplier32/arch_multiplier32 1381078421 \
      FL C:/Users/Poornima/Documents/GitHub/cg3207/multiplier.vhd \
      EN work/multiplier32 1381078420
FL C:/Users/Poornima/Documents/GitHub/cg3207/nor32.vhd 2013/10/07.00:52:28 O.61xd
EN work/nor32 1381078416 FL C:/Users/Poornima/Documents/GitHub/cg3207/nor32.vhd \
      PB ieee/std_logic_1164 1308643377 PB ieee/std_logic_arith 1308643378 \
      PB ieee/STD_LOGIC_UNSIGNED 1308643379
AR work/nor32/arch_nor32 1381078417 \
      FL C:/Users/Poornima/Documents/GitHub/cg3207/nor32.vhd EN work/nor32 1381078416
FL C:/Users/Poornima/Documents/GitHub/cg3207/or32.vhd 2013/10/07.00:50:58 O.61xd
EN work/or32 1381078412 FL C:/Users/Poornima/Documents/GitHub/cg3207/or32.vhd \
      PB ieee/std_logic_1164 1308643377 PB ieee/std_logic_arith 1308643378 \
      PB ieee/STD_LOGIC_UNSIGNED 1308643379
AR work/or32/arch_or32 1381078413 \
      FL C:/Users/Poornima/Documents/GitHub/cg3207/or32.vhd EN work/or32 1381078412
FL C:/Users/Poornima/Documents/GitHub/cg3207/xor32.vhd 2013/10/07.00:52:00 O.61xd
EN work/xor32 1381078414 FL C:/Users/Poornima/Documents/GitHub/cg3207/xor32.vhd \
      PB ieee/std_logic_1164 1308643377 PB ieee/std_logic_arith 1308643378 \
      PB ieee/STD_LOGIC_UNSIGNED 1308643379
AR work/xor32/arch_xor32 1381078415 \
      FL C:/Users/Poornima/Documents/GitHub/cg3207/xor32.vhd EN work/xor32 1381078414
FL C:/Users/user/Dropbox/Sem7/CG3207/LAB2/LAB2/adder32.vhd 2013/10/02.11:35:56 O.61xd
FL C:/Users/user/Dropbox/Sem7/CG3207/LAB2/LAB2/alu.vhd 2013/10/02.11:43:28 O.61xd
FL C:/Users/user/Dropbox/Sem7/CG3207/LAB2/LAB2/LAB2.vhd 2013/09/18.13:30:56 O.61xd
